{
	"$schema": "http://json-schema.org/draft-07/schema#",
	"$id": "https://github.com/HewlettPackard/terraschema/schema.json",
	"additionalProperties": true,
	"properties": {
		"age": {
			"description": "Your age. Required.",
			"type": "number"
		},
		"name": {
			"default": "world",
			"description": "Your name.",
			"type": "string"
		}
	},
	"required": [
		"age"
	],
	"type": "object"
}
